// Jest Snapshot v1, https://goo.gl/fbAQLP

exports[`HandWash initializes correctly 1`] = `
<View
  pointerEvents="box-none"
  style={
    Object {
      "flex": 1,
    }
  }
>
  <View
    collapsable={true}
    pointerEvents="box-none"
    style={
      Object {
        "flex": 1,
      }
    }
  >
    <
      style={
        Object {
          "alignItems": "center",
          "backgroundColor": "#00A1D2",
          "borderRadius": 100,
          "flexDirection": "column",
          "height": 200,
          "justifyContent": "center",
          "shadowColor": "black",
          "shadowOffset": Object {
            "height": -2,
          },
          "shadowOpacity": 0.2,
          "shadowRadius": 16,
          "width": 200,
        }
      }
      testID="timer-button"
    >
      <Text
        allowFontScaling={false}
        style={
          Array [
            Object {
              "color": "white",
              "fontSize": 60,
            },
            Object {
              "marginBottom": 24,
            },
            Object {
              "fontFamily": "FontAwesome5Free-Solid",
              "fontStyle": "normal",
              "fontWeight": "normal",
            },
            Object {
              "fontWeight": "900",
            },
          ]
        }
      >
        ïŠ§
      </Text>
      <Text
        style={
          Object {
            "color": "white",
            "fontSize": 21,
          }
        }
      >
        Wash
      </Text>
    </>
  </View>
</View>
`;
